stm32f446xx_usart_driver.c:19:6:USART_PeriClockControl	16	static
stm32f446xx_usart_driver.c:67:6:USART_Init	24	static
stm32f446xx_usart_driver.c:139:6:USART_DeInit	16	static
stm32f446xx_usart_driver.c:167:6:USART_SetBaudRate	40	static
stm32f446xx_usart_driver.c:217:6:USART_TransmitData	32	static
stm32f446xx_usart_driver.c:258:6:USART_ReceiveData	24	static
stm32f446xx_usart_driver.c:298:9:USART_TransmitDataIT	32	static
stm32f446xx_usart_driver.c:320:9:USART_ReceiveDataIT	32	static
stm32f446xx_usart_driver.c:342:6:USART_IRQInterruptConfig	16	static
stm32f446xx_usart_driver.c:369:6:USART_IRQPriorityConfig	24	static
stm32f446xx_usart_driver.c:385:6:USART_IRQHandling	24	static
stm32f446xx_usart_driver.c:464:9:USART_GetFlagStatus	16	static
stm32f446xx_usart_driver.c:477:6:USART_ClearFlagStatus	16	static
stm32f446xx_usart_driver.c:487:6:USART_PeripheralControl	16	static
stm32f446xx_usart_driver.c:502:6:USART_CloseTransmission	16	static
stm32f446xx_usart_driver.c:515:6:USART_CloseReception	16	static
stm32f446xx_usart_driver.c:522:13:USART_ApplicationEventCallback	16	static
stm32f446xx_usart_driver.c:537:13:USART_HandleTXEInterrupt	16	static
stm32f446xx_usart_driver.c:573:13:USART_HandleRXNEInterrupt	16	static
