stm32f446xx_usart_driver.c:19:6:USART_PeriClockControl	16	static
stm32f446xx_usart_driver.c:67:6:USART_Init	24	static
stm32f446xx_usart_driver.c:139:6:USART_DeInit	16	static
stm32f446xx_usart_driver.c:167:6:USART_SetBaudRate	40	static
stm32f446xx_usart_driver.c:217:6:USART_TransmitData	32	static
stm32f446xx_usart_driver.c:258:6:USART_ReceiveData	24	static
stm32f446xx_usart_driver.c:291:9:USART_TransmitDataIT	32	static
stm32f446xx_usart_driver.c:306:9:USART_ReceiveDataIT	32	static
stm32f446xx_usart_driver.c:328:6:USART_IRQInterruptConfig	16	static
stm32f446xx_usart_driver.c:355:6:USART_IRQPriorityConfig	24	static
stm32f446xx_usart_driver.c:371:6:USART_IRQHandling	24	static
stm32f446xx_usart_driver.c:450:9:USART_GetFlagStatus	16	static
stm32f446xx_usart_driver.c:463:6:USART_ClearFlagStatus	16	static
stm32f446xx_usart_driver.c:473:6:USART_PeripheralControl	16	static
stm32f446xx_usart_driver.c:491:13:USART_HandleTXEInterrupt	16	static
stm32f446xx_usart_driver.c:505:13:USART_HandleRXNEInterrupt	16	static
